============================================================
SpeedBackup Android native tools builder
native_c package: r238-cgstats-fixedbase-api28-relroguard-relroguard
ABI : arm64
API : 28
Minimum runtime baseline: Android 9 / API 28 when using the default -Api value
NDK : 28.2.13676358
Generic dynamic tools: PIE / /system/bin/linker64 / libc.so / pageSize=16384 / LOAD_ALIGN=0x4000 / RELRO_END_ALIGN=0x4000
speedscan: source-driven build / libc.so / pageSize=16384 / LOAD_ALIGN=0x4000 / RELRO_END_ALIGN=0x4000
cgfreezer: source-driven build / libc.so + libdl.so / pageSize=16384 / LOAD_ALIGN=0x4000 / RELRO_END_ALIGN=0x4000
keycheck: never rebuilt from no-libc source; optional known-good prebuilt copy only
Generic tools: filewatch propwait procwait unixsock netwatch uidexec
Speedscan tool: speedscan
============================================================
cgfreezer source: E:\打包原碼\native_c_r253_cgfreezerd_protocol_unify\cgfreezer.c
[INFO] Build script validates compilation, ABI, dynamic dependencies, LOAD alignment and GNU_RELRO end alignment.
[INFO] Runtime capability/version contracts belong to dex_check/release assembly, not this compiler.
Dynamic libc stub: C:\Users\22995\AppData\Local\Android\Sdk\ndk\28.2.13676358\toolchains\llvm\prebuilt\windows-x86_64\sysroot\usr\lib\aarch64-linux-android\28\libc.so
Checking dynamic bionic property wait symbols for propwait...
[OK] Dynamic property wait symbols found.

[filewatch compile] C:\Users\22995\AppData\Local\Android\Sdk\ndk\28.2.13676358\toolchains\llvm\prebuilt\windows-x86_64\bin\clang.exe --target=aarch64-linux-android28 -std=c11 -Os -fvisibility=hidden -ffunction-sections -fdata-sections -fPIE -fno-lto -Wall -Wextra -Werror -c E:\打包原碼\native_c_r253_cgfreezerd_protocol_unify\filewatch.c -o E:\打包原碼\native_c_r253_cgfreezerd_protocol_unify\out\obj\filewatch.o

[filewatch link dynamic PIE] C:\Users\22995\AppData\Local\Android\Sdk\ndk\28.2.13676358\toolchains\llvm\prebuilt\windows-x86_64\bin\clang.exe --target=aarch64-linux-android28 E:\打包原碼\native_c_r253_cgfreezerd_protocol_unify\out\obj\filewatch.o -pie -Wl,--gc-sections -Wl,-z,relro,-z,now -Wl,--build-id=sha1 -Wl,-z,max-page-size=16384 -Wl,-z,common-page-size=16384 -o E:\打包原碼\native_c_r253_cgfreezerd_protocol_unify\out\filewatch

[filewatch strip] C:\Users\22995\AppData\Local\Android\Sdk\ndk\28.2.13676358\toolchains\llvm\prebuilt\windows-x86_64\bin\llvm-strip.exe --strip-all E:\打包原碼\native_c_r253_cgfreezerd_protocol_unify\out\filewatch

[filewatch verify dynamic] powershell -NoProfile -ExecutionPolicy Bypass -File E:\打包原碼\native_c_r253_cgfreezerd_protocol_unify\verify_elf_dynamic16k.ps1 -Readelf C:\Users\22995\AppData\Local\Android\Sdk\ndk\28.2.13676358\toolchains\llvm\prebuilt\windows-x86_64\bin\llvm-readelf.exe -Binary E:\打包原碼\native_c_r253_cgfreezerd_protocol_unify\out\filewatch -Mode dynamic -ExpectedLoadAlign 0x4000 -ExpectedRelroEndAlign 0x4000
[VERIFY-OK] mode=dynamic Type=DYN INTERP=/system/bin/linker64 NEEDED=libc.so,libdl.so LOAD_ALIGN=0x4000 RELRO_END_ALIGN=0x4000
[OK] filewatch

[propwait compile] C:\Users\22995\AppData\Local\Android\Sdk\ndk\28.2.13676358\toolchains\llvm\prebuilt\windows-x86_64\bin\clang.exe --target=aarch64-linux-android28 -std=c11 -Os -fvisibility=hidden -ffunction-sections -fdata-sections -fPIE -fno-lto -Wall -Wextra -Werror -c E:\打包原碼\native_c_r253_cgfreezerd_protocol_unify\propwait.c -o E:\打包原碼\native_c_r253_cgfreezerd_protocol_unify\out\obj\propwait.o

[propwait link dynamic PIE] C:\Users\22995\AppData\Local\Android\Sdk\ndk\28.2.13676358\toolchains\llvm\prebuilt\windows-x86_64\bin\clang.exe --target=aarch64-linux-android28 E:\打包原碼\native_c_r253_cgfreezerd_protocol_unify\out\obj\propwait.o -pie -Wl,--gc-sections -Wl,-z,relro,-z,now -Wl,--build-id=sha1 -Wl,-z,max-page-size=16384 -Wl,-z,common-page-size=16384 -o E:\打包原碼\native_c_r253_cgfreezerd_protocol_unify\out\propwait

[propwait strip] C:\Users\22995\AppData\Local\Android\Sdk\ndk\28.2.13676358\toolchains\llvm\prebuilt\windows-x86_64\bin\llvm-strip.exe --strip-all E:\打包原碼\native_c_r253_cgfreezerd_protocol_unify\out\propwait

[propwait verify dynamic] powershell -NoProfile -ExecutionPolicy Bypass -File E:\打包原碼\native_c_r253_cgfreezerd_protocol_unify\verify_elf_dynamic16k.ps1 -Readelf C:\Users\22995\AppData\Local\Android\Sdk\ndk\28.2.13676358\toolchains\llvm\prebuilt\windows-x86_64\bin\llvm-readelf.exe -Binary E:\打包原碼\native_c_r253_cgfreezerd_protocol_unify\out\propwait -Mode dynamic -ExpectedLoadAlign 0x4000 -ExpectedRelroEndAlign 0x4000
[VERIFY-OK] mode=dynamic Type=DYN INTERP=/system/bin/linker64 NEEDED=libc.so,libdl.so LOAD_ALIGN=0x4000 RELRO_END_ALIGN=0x4000
[OK] propwait

[procwait compile] C:\Users\22995\AppData\Local\Android\Sdk\ndk\28.2.13676358\toolchains\llvm\prebuilt\windows-x86_64\bin\clang.exe --target=aarch64-linux-android28 -std=c11 -Os -fvisibility=hidden -ffunction-sections -fdata-sections -fPIE -fno-lto -Wall -Wextra -Werror -c E:\打包原碼\native_c_r253_cgfreezerd_protocol_unify\procwait.c -o E:\打包原碼\native_c_r253_cgfreezerd_protocol_unify\out\obj\procwait.o

[procwait link dynamic PIE] C:\Users\22995\AppData\Local\Android\Sdk\ndk\28.2.13676358\toolchains\llvm\prebuilt\windows-x86_64\bin\clang.exe --target=aarch64-linux-android28 E:\打包原碼\native_c_r253_cgfreezerd_protocol_unify\out\obj\procwait.o -pie -Wl,--gc-sections -Wl,-z,relro,-z,now -Wl,--build-id=sha1 -Wl,-z,max-page-size=16384 -Wl,-z,common-page-size=16384 -o E:\打包原碼\native_c_r253_cgfreezerd_protocol_unify\out\procwait

[procwait strip] C:\Users\22995\AppData\Local\Android\Sdk\ndk\28.2.13676358\toolchains\llvm\prebuilt\windows-x86_64\bin\llvm-strip.exe --strip-all E:\打包原碼\native_c_r253_cgfreezerd_protocol_unify\out\procwait

[procwait verify dynamic] powershell -NoProfile -ExecutionPolicy Bypass -File E:\打包原碼\native_c_r253_cgfreezerd_protocol_unify\verify_elf_dynamic16k.ps1 -Readelf C:\Users\22995\AppData\Local\Android\Sdk\ndk\28.2.13676358\toolchains\llvm\prebuilt\windows-x86_64\bin\llvm-readelf.exe -Binary E:\打包原碼\native_c_r253_cgfreezerd_protocol_unify\out\procwait -Mode dynamic -ExpectedLoadAlign 0x4000 -ExpectedRelroEndAlign 0x4000
[VERIFY-OK] mode=dynamic Type=DYN INTERP=/system/bin/linker64 NEEDED=libc.so,libdl.so LOAD_ALIGN=0x4000 RELRO_END_ALIGN=0x4000
[OK] procwait

[unixsock compile] C:\Users\22995\AppData\Local\Android\Sdk\ndk\28.2.13676358\toolchains\llvm\prebuilt\windows-x86_64\bin\clang.exe --target=aarch64-linux-android28 -std=c11 -Os -fvisibility=hidden -ffunction-sections -fdata-sections -fPIE -fno-lto -Wall -Wextra -Werror -c E:\打包原碼\native_c_r253_cgfreezerd_protocol_unify\unixsock.c -o E:\打包原碼\native_c_r253_cgfreezerd_protocol_unify\out\obj\unixsock.o

[unixsock link dynamic PIE] C:\Users\22995\AppData\Local\Android\Sdk\ndk\28.2.13676358\toolchains\llvm\prebuilt\windows-x86_64\bin\clang.exe --target=aarch64-linux-android28 E:\打包原碼\native_c_r253_cgfreezerd_protocol_unify\out\obj\unixsock.o -pie -Wl,--gc-sections -Wl,-z,relro,-z,now -Wl,--build-id=sha1 -Wl,-z,max-page-size=16384 -Wl,-z,common-page-size=16384 -o E:\打包原碼\native_c_r253_cgfreezerd_protocol_unify\out\unixsock

[unixsock strip] C:\Users\22995\AppData\Local\Android\Sdk\ndk\28.2.13676358\toolchains\llvm\prebuilt\windows-x86_64\bin\llvm-strip.exe --strip-all E:\打包原碼\native_c_r253_cgfreezerd_protocol_unify\out\unixsock

[unixsock verify dynamic] powershell -NoProfile -ExecutionPolicy Bypass -File E:\打包原碼\native_c_r253_cgfreezerd_protocol_unify\verify_elf_dynamic16k.ps1 -Readelf C:\Users\22995\AppData\Local\Android\Sdk\ndk\28.2.13676358\toolchains\llvm\prebuilt\windows-x86_64\bin\llvm-readelf.exe -Binary E:\打包原碼\native_c_r253_cgfreezerd_protocol_unify\out\unixsock -Mode dynamic -ExpectedLoadAlign 0x4000 -ExpectedRelroEndAlign 0x4000
[VERIFY-OK] mode=dynamic Type=DYN INTERP=/system/bin/linker64 NEEDED=libc.so,libdl.so LOAD_ALIGN=0x4000 RELRO_END_ALIGN=0x4000
[OK] unixsock

[netwatch compile] C:\Users\22995\AppData\Local\Android\Sdk\ndk\28.2.13676358\toolchains\llvm\prebuilt\windows-x86_64\bin\clang.exe --target=aarch64-linux-android28 -std=c11 -Os -fvisibility=hidden -ffunction-sections -fdata-sections -fPIE -fno-lto -Wall -Wextra -Werror -c E:\打包原碼\native_c_r253_cgfreezerd_protocol_unify\netwatch.c -o E:\打包原碼\native_c_r253_cgfreezerd_protocol_unify\out\obj\netwatch.o

[netwatch link dynamic PIE] C:\Users\22995\AppData\Local\Android\Sdk\ndk\28.2.13676358\toolchains\llvm\prebuilt\windows-x86_64\bin\clang.exe --target=aarch64-linux-android28 E:\打包原碼\native_c_r253_cgfreezerd_protocol_unify\out\obj\netwatch.o -pie -Wl,--gc-sections -Wl,-z,relro,-z,now -Wl,--build-id=sha1 -Wl,-z,max-page-size=16384 -Wl,-z,common-page-size=16384 -o E:\打包原碼\native_c_r253_cgfreezerd_protocol_unify\out\netwatch

[netwatch strip] C:\Users\22995\AppData\Local\Android\Sdk\ndk\28.2.13676358\toolchains\llvm\prebuilt\windows-x86_64\bin\llvm-strip.exe --strip-all E:\打包原碼\native_c_r253_cgfreezerd_protocol_unify\out\netwatch

[netwatch verify dynamic] powershell -NoProfile -ExecutionPolicy Bypass -File E:\打包原碼\native_c_r253_cgfreezerd_protocol_unify\verify_elf_dynamic16k.ps1 -Readelf C:\Users\22995\AppData\Local\Android\Sdk\ndk\28.2.13676358\toolchains\llvm\prebuilt\windows-x86_64\bin\llvm-readelf.exe -Binary E:\打包原碼\native_c_r253_cgfreezerd_protocol_unify\out\netwatch -Mode dynamic -ExpectedLoadAlign 0x4000 -ExpectedRelroEndAlign 0x4000
[VERIFY-OK] mode=dynamic Type=DYN INTERP=/system/bin/linker64 NEEDED=libc.so,libdl.so LOAD_ALIGN=0x4000 RELRO_END_ALIGN=0x4000
[OK] netwatch

[uidexec compile] C:\Users\22995\AppData\Local\Android\Sdk\ndk\28.2.13676358\toolchains\llvm\prebuilt\windows-x86_64\bin\clang.exe --target=aarch64-linux-android28 -std=c11 -Os -fvisibility=hidden -ffunction-sections -fdata-sections -fPIE -fno-lto -Wall -Wextra -Werror -c E:\打包原碼\native_c_r253_cgfreezerd_protocol_unify\uidexec.c -o E:\打包原碼\native_c_r253_cgfreezerd_protocol_unify\out\obj\uidexec.o

[uidexec link dynamic PIE] C:\Users\22995\AppData\Local\Android\Sdk\ndk\28.2.13676358\toolchains\llvm\prebuilt\windows-x86_64\bin\clang.exe --target=aarch64-linux-android28 E:\打包原碼\native_c_r253_cgfreezerd_protocol_unify\out\obj\uidexec.o -pie -Wl,--gc-sections -Wl,-z,relro,-z,now -Wl,--build-id=sha1 -Wl,-z,max-page-size=16384 -Wl,-z,common-page-size=16384 -o E:\打包原碼\native_c_r253_cgfreezerd_protocol_unify\out\uidexec

[uidexec strip] C:\Users\22995\AppData\Local\Android\Sdk\ndk\28.2.13676358\toolchains\llvm\prebuilt\windows-x86_64\bin\llvm-strip.exe --strip-all E:\打包原碼\native_c_r253_cgfreezerd_protocol_unify\out\uidexec

[uidexec verify dynamic] powershell -NoProfile -ExecutionPolicy Bypass -File E:\打包原碼\native_c_r253_cgfreezerd_protocol_unify\verify_elf_dynamic16k.ps1 -Readelf C:\Users\22995\AppData\Local\Android\Sdk\ndk\28.2.13676358\toolchains\llvm\prebuilt\windows-x86_64\bin\llvm-readelf.exe -Binary E:\打包原碼\native_c_r253_cgfreezerd_protocol_unify\out\uidexec -Mode dynamic -ExpectedLoadAlign 0x4000 -ExpectedRelroEndAlign 0x4000
[VERIFY-OK] mode=dynamic Type=DYN INTERP=/system/bin/linker64 NEEDED=libc.so,libdl.so LOAD_ALIGN=0x4000 RELRO_END_ALIGN=0x4000
[OK] uidexec

[speedscan compile] C:\Users\22995\AppData\Local\Android\Sdk\ndk\28.2.13676358\toolchains\llvm\prebuilt\windows-x86_64\bin\clang.exe --target=aarch64-linux-android28 -std=c11 -Os -fvisibility=hidden -ffunction-sections -fdata-sections -fPIE -fno-lto -Wall -Wextra -Werror -c E:\打包原碼\native_c_r253_cgfreezerd_protocol_unify\speedscan.c -o E:\打包原碼\native_c_r253_cgfreezerd_protocol_unify\out\obj\speedscan.o

[speedscan link dynamic PIE] C:\Users\22995\AppData\Local\Android\Sdk\ndk\28.2.13676358\toolchains\llvm\prebuilt\windows-x86_64\bin\clang.exe --target=aarch64-linux-android28 E:\打包原碼\native_c_r253_cgfreezerd_protocol_unify\out\obj\speedscan.o -pie -Wl,--gc-sections -Wl,-z,relro,-z,now -Wl,--build-id=sha1 -Wl,-z,max-page-size=16384 -Wl,-z,common-page-size=16384 -o E:\打包原碼\native_c_r253_cgfreezerd_protocol_unify\out\speedscan

[speedscan strip] C:\Users\22995\AppData\Local\Android\Sdk\ndk\28.2.13676358\toolchains\llvm\prebuilt\windows-x86_64\bin\llvm-strip.exe --strip-all E:\打包原碼\native_c_r253_cgfreezerd_protocol_unify\out\speedscan

[speedscan verify dynamic] powershell -NoProfile -ExecutionPolicy Bypass -File E:\打包原碼\native_c_r253_cgfreezerd_protocol_unify\verify_elf_dynamic16k.ps1 -Readelf C:\Users\22995\AppData\Local\Android\Sdk\ndk\28.2.13676358\toolchains\llvm\prebuilt\windows-x86_64\bin\llvm-readelf.exe -Binary E:\打包原碼\native_c_r253_cgfreezerd_protocol_unify\out\speedscan -Mode dynamic -ExpectedLoadAlign 0x4000 -ExpectedRelroEndAlign 0x4000
[VERIFY-OK] mode=dynamic Type=DYN INTERP=/system/bin/linker64 NEEDED=libc.so,libdl.so LOAD_ALIGN=0x4000 RELRO_END_ALIGN=0x4000
[OK] speedscan compiled; ELF/dependency/alignment contract passed

[cgfreezer compile] C:\Users\22995\AppData\Local\Android\Sdk\ndk\28.2.13676358\toolchains\llvm\prebuilt\windows-x86_64\bin\clang.exe --target=aarch64-linux-android28 -std=c11 -Os -fvisibility=hidden -ffunction-sections -fdata-sections -fPIE -fno-lto -Wall -Wextra -Werror -O2 -c E:\打包原碼\native_c_r253_cgfreezerd_protocol_unify\cgfreezer.c -o E:\打包原碼\native_c_r253_cgfreezerd_protocol_unify\out\obj\cgfreezer.o

[cgfreezer link dynamic PIE + libdl] C:\Users\22995\AppData\Local\Android\Sdk\ndk\28.2.13676358\toolchains\llvm\prebuilt\windows-x86_64\bin\clang.exe --target=aarch64-linux-android28 E:\打包原碼\native_c_r253_cgfreezerd_protocol_unify\out\obj\cgfreezer.o -pie -Wl,--gc-sections -Wl,-z,relro,-z,now -Wl,--build-id=sha1 -Wl,-z,max-page-size=16384 -Wl,-z,common-page-size=16384 -ldl -o E:\打包原碼\native_c_r253_cgfreezerd_protocol_unify\out\cgfreezer

[cgfreezer strip] C:\Users\22995\AppData\Local\Android\Sdk\ndk\28.2.13676358\toolchains\llvm\prebuilt\windows-x86_64\bin\llvm-strip.exe --strip-unneeded E:\打包原碼\native_c_r253_cgfreezerd_protocol_unify\out\cgfreezer

[cgfreezer verify dynamic] powershell -NoProfile -ExecutionPolicy Bypass -File E:\打包原碼\native_c_r253_cgfreezerd_protocol_unify\verify_elf_dynamic16k.ps1 -Readelf C:\Users\22995\AppData\Local\Android\Sdk\ndk\28.2.13676358\toolchains\llvm\prebuilt\windows-x86_64\bin\llvm-readelf.exe -Binary E:\打包原碼\native_c_r253_cgfreezerd_protocol_unify\out\cgfreezer -Mode dynamic -ExpectedLoadAlign 0x4000 -ExpectedRelroEndAlign 0x4000
[VERIFY-OK] mode=dynamic Type=DYN INTERP=/system/bin/linker64 NEEDED=libc.so,libdl.so LOAD_ALIGN=0x4000 RELRO_END_ALIGN=0x4000
[OK] cgfreezer compiled; ELF/dependency/alignment contract passed
[INFO] keycheck omitted. Runtime must keep its existing known-good legacy libc/stdout keycheck.
[OK] cleaned intermediate object directory out\obj

Build complete:
  E:\打包原碼\native_c_r253_cgfreezerd_protocol_unify\out\filewatch
  E:\打包原碼\native_c_r253_cgfreezerd_protocol_unify\out\propwait
  E:\打包原碼\native_c_r253_cgfreezerd_protocol_unify\out\procwait
  E:\打包原碼\native_c_r253_cgfreezerd_protocol_unify\out\unixsock
  E:\打包原碼\native_c_r253_cgfreezerd_protocol_unify\out\netwatch
  E:\打包原碼\native_c_r253_cgfreezerd_protocol_unify\out\uidexec
  E:\打包原碼\native_c_r253_cgfreezerd_protocol_unify\out\speedscan
  E:\打包原碼\native_c_r253_cgfreezerd_protocol_unify\out\cgfreezer
  E:\打包原碼\native_c_r253_cgfreezerd_protocol_unify\out\SHA256SUMS.txt

Verification expected:
  Generic dynamic tools: Type=DYN, INTERP=/system/bin/linker64, NEEDED libc.so, LOAD alignment=0x4000, GNU_RELRO end alignment=0x4000
  speedscan: Type=DYN, INTERP=/system/bin/linker64, NEEDED libc.so, LOAD alignment=0x4000, GNU_RELRO end alignment=0x4000
  cgfreezer: Type=DYN, NEEDED libc.so + libdl.so, LOAD alignment=0x4000, GNU_RELRO end alignment=0x4000
  keycheck: optional prebuilt only; never compiled from the obsolete no-libc source

Recommended builds:
  Normal 16K-safe build: powershell -ExecutionPolicy Bypass -File .\build_all_windows.ps1
  Old-device generic-helper/speedscan compat: powershell -ExecutionPolicy Bypass -File .\build_compat_generic4k_windows.ps1

Phone quick test:
  adb push out\speedscan /data/local/tmp/
  adb push out\cgfreezer /data/local/tmp/
  adb shell su -c "chmod 755 /data/local/tmp/speedscan /data/local/tmp/cgfreezer"
  adb shell su -c "/data/local/tmp/speedscan version"
  adb shell su -c "/data/local/tmp/cgfreezer HELLO"
